Copyright 1986-2016 Xilinx, Inc. All Rights Reserved.
------------------------------------------------------------------------------------
| Tool Version : Vivado v.2016.1 (win64) Build 1538259 Fri Apr  8 15:45:27 MDT 2016
| Date         : Thu Jun 30 13:59:52 2016
| Host         : DESKTOP-4KPN332 running 64-bit major release  (build 9200)
| Command      : report_utilization -hierarchical -file ./project_2_0224.rpt
| Design       : PRIORITY_ENCODER_SYNTH_TEST
| Device       : 7z010clg400-1
| Design State : Routed
------------------------------------------------------------------------------------

Utilization Design Information

Table of Contents
-----------------
1. Utilization by Hierarchy

1. Utilization by Hierarchy
---------------------------

+---------------------------------+------------------+------------+------------+---------+------+-----+--------+--------+--------------+
|             Instance            |      Module      | Total LUTs | Logic LUTs | LUTRAMs | SRLs | FFs | RAMB36 | RAMB18 | DSP48 Blocks |
+---------------------------------+------------------+------------+------------+---------+------+-----+--------+--------+--------------+
| PRIORITY_ENCODER_SYNTH_TEST     |            (top) |        427 |        427 |       0 |    0 | 450 |      0 |      0 |            0 |
|   (PRIORITY_ENCODER_SYNTH_TEST) |            (top) |          1 |          1 |       0 |    0 | 225 |      0 |      0 |            0 |
|   U                             | PRIORITY_ENCODER |        426 |        426 |       0 |    0 | 225 |      0 |      0 |            0 |
+---------------------------------+------------------+------------+------------+---------+------+-----+--------+--------+--------------+
* Note: The sum of lower-level cells may be larger than their parent cells total, due to cross-hierarchy LUT combining


Copyright 1986-2016 Xilinx, Inc. All Rights Reserved.
------------------------------------------------------------------------------------
| Tool Version : Vivado v.2016.1 (win64) Build 1538259 Fri Apr  8 15:45:27 MDT 2016
| Date         : Thu Jun 30 14:00:02 2016
| Host         : DESKTOP-4KPN332 running 64-bit major release  (build 9200)
| Command      : report_timing -setup -file ./project_2_0224.rpt -append
| Design       : PRIORITY_ENCODER_SYNTH_TEST
| Device       : 7z010-clg400
| Speed File   : -1  PRODUCTION 1.11 2014-09-11
------------------------------------------------------------------------------------

Timing Report

Slack (VIOLATED) :        -0.134ns  (required time - arrival time)
  Source:                 I_REG_reg[17]/C
                            (rising edge-triggered cell FDCE clocked by CLK  {rise@0.000ns fall@2.500ns period=5.000ns})
  Destination:            U/MODE_2.Q_reg[142]/D
                            (rising edge-triggered cell FDCE clocked by CLK  {rise@0.000ns fall@2.500ns period=5.000ns})
  Path Group:             CLK
  Path Type:              Setup (Max at Slow Process Corner)
  Requirement:            5.000ns  (CLK rise@5.000ns - CLK rise@0.000ns)
  Data Path Delay:        5.075ns  (logic 1.138ns (22.423%)  route 3.937ns (77.577%))
  Logic Levels:           5  (LUT4=1 LUT5=1 LUT6=3)
  Clock Path Skew:        -0.055ns (DCD - SCD + CPR)
    Destination Clock Delay (DCD):    4.374ns = ( 9.374 - 5.000 ) 
    Source Clock Delay      (SCD):    4.884ns
    Clock Pessimism Removal (CPR):    0.455ns
  Clock Uncertainty:      0.035ns  ((TSJ^2 + TIJ^2)^1/2 + DJ) / 2 + PE
    Total System Jitter     (TSJ):    0.071ns
    Total Input Jitter      (TIJ):    0.000ns
    Discrete Jitter          (DJ):    0.000ns
    Phase Error              (PE):    0.000ns

    Location             Delay type                Incr(ns)  Path(ns)    Netlist Resource(s)
  -------------------------------------------------------------------    -------------------
                         (clock CLK rise edge)        0.000     0.000 r  
    U14                                               0.000     0.000 r  CLK (IN)
                         net (fo=0)                   0.000     0.000    CLK
    U14                  IBUF (Prop_ibuf_I_O)         1.046     1.046 r  CLK_IBUF_inst/O
                         net (fo=1, routed)           2.076     3.122    CLK_IBUF
    BUFGCTRL_X0Y0        BUFG (Prop_bufg_I_O)         0.101     3.223 r  CLK_IBUF_BUFG_inst/O
                         net (fo=450, routed)         1.661     4.884    CLK_IBUF_BUFG
    SLICE_X34Y20         FDCE                                         r  I_REG_reg[17]/C
  -------------------------------------------------------------------    -------------------
    SLICE_X34Y20         FDCE (Prop_fdce_C_Q)         0.518     5.402 f  I_REG_reg[17]/Q
                         net (fo=6, routed)           0.809     6.211    U/Q[17]
    SLICE_X34Y20         LUT4 (Prop_lut4_I1_O)        0.124     6.335 f  U/MODE_2.Z_i_3/O
                         net (fo=2, routed)           0.827     7.162    U/MODE_2.Z_i_3_n_0
    SLICE_X33Y20         LUT6 (Prop_lut6_I0_O)        0.124     7.286 f  U/MODE_2.Q[23]_i_2/O
                         net (fo=7, routed)           0.668     7.954    U/MODE_2.Q[23]_i_2_n_0
    SLICE_X35Y20         LUT6 (Prop_lut6_I0_O)        0.124     8.078 f  U/MODE_2.Q[67]_i_2/O
                         net (fo=22, routed)          0.821     8.899    U/MODE_2.Q[67]_i_2_n_0
    SLICE_X35Y17         LUT5 (Prop_lut5_I3_O)        0.124     9.023 f  U/MODE_2.Q[143]_i_4/O
                         net (fo=16, routed)          0.812     9.835    U/MODE_2.Q[143]_i_4_n_0
    SLICE_X26Y17         LUT6 (Prop_lut6_I2_O)        0.124     9.959 r  U/MODE_2.Q[142]_i_1/O
                         net (fo=1, routed)           0.000     9.959    U/result197_out
    SLICE_X26Y17         FDCE                                         r  U/MODE_2.Q_reg[142]/D
  -------------------------------------------------------------------    -------------------

                         (clock CLK rise edge)        5.000     5.000 r  
    U14                                               0.000     5.000 r  CLK (IN)
                         net (fo=0)                   0.000     5.000    CLK
    U14                  IBUF (Prop_ibuf_I_O)         0.912     5.912 r  CLK_IBUF_inst/O
                         net (fo=1, routed)           1.880     7.792    CLK_IBUF
    BUFGCTRL_X0Y0        BUFG (Prop_bufg_I_O)         0.091     7.883 r  CLK_IBUF_BUFG_inst/O
                         net (fo=450, routed)         1.491     9.374    U/CLK
    SLICE_X26Y17         FDCE                                         r  U/MODE_2.Q_reg[142]/C
                         clock pessimism              0.455     9.829    
                         clock uncertainty           -0.035     9.794    
    SLICE_X26Y17         FDCE (Setup_fdce_C_D)        0.031     9.825    U/MODE_2.Q_reg[142]
  -------------------------------------------------------------------
                         required time                          9.825    
                         arrival time                          -9.959    
  -------------------------------------------------------------------
                         slack                                 -0.134    




