Copyright 1986-2016 Xilinx, Inc. All Rights Reserved.
------------------------------------------------------------------------------------
| Tool Version : Vivado v.2016.1 (win64) Build 1538259 Fri Apr  8 15:45:27 MDT 2016
| Date         : Thu Jun 30 13:56:14 2016
| Host         : DESKTOP-4KPN332 running 64-bit major release  (build 9200)
| Command      : report_utilization -hierarchical -file ./project_2_0160.rpt
| Design       : PRIORITY_ENCODER_SYNTH_TEST
| Device       : 7z010clg400-1
| Design State : Routed
------------------------------------------------------------------------------------

Utilization Design Information

Table of Contents
-----------------
1. Utilization by Hierarchy

1. Utilization by Hierarchy
---------------------------

+---------------------------------+------------------+------------+------------+---------+------+-----+--------+--------+--------------+
|             Instance            |      Module      | Total LUTs | Logic LUTs | LUTRAMs | SRLs | FFs | RAMB36 | RAMB18 | DSP48 Blocks |
+---------------------------------+------------------+------------+------------+---------+------+-----+--------+--------+--------------+
| PRIORITY_ENCODER_SYNTH_TEST     |            (top) |        291 |        291 |       0 |    0 | 322 |      0 |      0 |            0 |
|   (PRIORITY_ENCODER_SYNTH_TEST) |            (top) |          1 |          1 |       0 |    0 | 161 |      0 |      0 |            0 |
|   U                             | PRIORITY_ENCODER |        290 |        290 |       0 |    0 | 161 |      0 |      0 |            0 |
+---------------------------------+------------------+------------+------------+---------+------+-----+--------+--------+--------------+
* Note: The sum of lower-level cells may be larger than their parent cells total, due to cross-hierarchy LUT combining


Copyright 1986-2016 Xilinx, Inc. All Rights Reserved.
------------------------------------------------------------------------------------
| Tool Version : Vivado v.2016.1 (win64) Build 1538259 Fri Apr  8 15:45:27 MDT 2016
| Date         : Thu Jun 30 13:56:24 2016
| Host         : DESKTOP-4KPN332 running 64-bit major release  (build 9200)
| Command      : report_timing -setup -file ./project_2_0160.rpt -append
| Design       : PRIORITY_ENCODER_SYNTH_TEST
| Device       : 7z010-clg400
| Speed File   : -1  PRODUCTION 1.11 2014-09-11
------------------------------------------------------------------------------------

Timing Report

Slack (MET) :             0.316ns  (required time - arrival time)
  Source:                 I_REG_reg[16]/C
                            (rising edge-triggered cell FDCE clocked by CLK  {rise@0.000ns fall@2.500ns period=5.000ns})
  Destination:            U/MODE_2.Q_reg[83]/D
                            (rising edge-triggered cell FDCE clocked by CLK  {rise@0.000ns fall@2.500ns period=5.000ns})
  Path Group:             CLK
  Path Type:              Setup (Max at Slow Process Corner)
  Requirement:            5.000ns  (CLK rise@5.000ns - CLK rise@0.000ns)
  Data Path Delay:        4.697ns  (logic 1.211ns (25.783%)  route 3.486ns (74.217%))
  Logic Levels:           5  (LUT2=1 LUT3=1 LUT5=1 LUT6=2)
  Clock Path Skew:        0.016ns (DCD - SCD + CPR)
    Destination Clock Delay (DCD):    4.458ns = ( 9.458 - 5.000 ) 
    Source Clock Delay      (SCD):    4.897ns
    Clock Pessimism Removal (CPR):    0.455ns
  Clock Uncertainty:      0.035ns  ((TSJ^2 + TIJ^2)^1/2 + DJ) / 2 + PE
    Total System Jitter     (TSJ):    0.071ns
    Total Input Jitter      (TIJ):    0.000ns
    Discrete Jitter          (DJ):    0.000ns
    Phase Error              (PE):    0.000ns

    Location             Delay type                Incr(ns)  Path(ns)    Netlist Resource(s)
  -------------------------------------------------------------------    -------------------
                         (clock CLK rise edge)        0.000     0.000 r  
    U14                                               0.000     0.000 r  CLK (IN)
                         net (fo=0)                   0.000     0.000    CLK
    U14                  IBUF (Prop_ibuf_I_O)         1.046     1.046 r  CLK_IBUF_inst/O
                         net (fo=1, routed)           2.076     3.122    CLK_IBUF
    BUFGCTRL_X0Y0        BUFG (Prop_bufg_I_O)         0.101     3.223 r  CLK_IBUF_BUFG_inst/O
                         net (fo=322, routed)         1.674     4.897    CLK_IBUF_BUFG
    SLICE_X33Y3          FDCE                                         r  I_REG_reg[16]/C
  -------------------------------------------------------------------    -------------------
    SLICE_X33Y3          FDCE (Prop_fdce_C_Q)         0.419     5.316 f  I_REG_reg[16]/Q
                         net (fo=7, routed)           0.451     5.767    U/Q[16]
    SLICE_X35Y2          LUT3 (Prop_lut3_I1_O)        0.296     6.063 f  U/MODE_2.Q[23]_i_3/O
                         net (fo=2, routed)           0.963     7.027    U/MODE_2.Q[23]_i_3_n_0
    SLICE_X35Y5          LUT6 (Prop_lut6_I1_O)        0.124     7.151 f  U/MODE_2.Q[23]_i_2/O
                         net (fo=6, routed)           0.826     7.976    U/MODE_2.Q[23]_i_2_n_0
    SLICE_X36Y3          LUT6 (Prop_lut6_I2_O)        0.124     8.100 f  U/MODE_2.Q[67]_i_2/O
                         net (fo=14, routed)          0.384     8.484    U/MODE_2.Q[67]_i_2_n_0
    SLICE_X36Y2          LUT2 (Prop_lut2_I1_O)        0.124     8.608 f  U/MODE_2.Q[95]_i_4/O
                         net (fo=16, routed)          0.861     9.470    U/MODE_2.Q[95]_i_4_n_0
    SLICE_X39Y4          LUT5 (Prop_lut5_I4_O)        0.124     9.594 r  U/MODE_2.Q[83]_i_1/O
                         net (fo=1, routed)           0.000     9.594    U/result185_out
    SLICE_X39Y4          FDCE                                         r  U/MODE_2.Q_reg[83]/D
  -------------------------------------------------------------------    -------------------

                         (clock CLK rise edge)        5.000     5.000 r  
    U14                                               0.000     5.000 r  CLK (IN)
                         net (fo=0)                   0.000     5.000    CLK
    U14                  IBUF (Prop_ibuf_I_O)         0.912     5.912 r  CLK_IBUF_inst/O
                         net (fo=1, routed)           1.880     7.792    CLK_IBUF
    BUFGCTRL_X0Y0        BUFG (Prop_bufg_I_O)         0.091     7.883 r  CLK_IBUF_BUFG_inst/O
                         net (fo=322, routed)         1.575     9.458    U/CLK
    SLICE_X39Y4          FDCE                                         r  U/MODE_2.Q_reg[83]/C
                         clock pessimism              0.455     9.913    
                         clock uncertainty           -0.035     9.878    
    SLICE_X39Y4          FDCE (Setup_fdce_C_D)        0.032     9.910    U/MODE_2.Q_reg[83]
  -------------------------------------------------------------------
                         required time                          9.910    
                         arrival time                          -9.594    
  -------------------------------------------------------------------
                         slack                                  0.316    




