Copyright 1986-2016 Xilinx, Inc. All Rights Reserved.
------------------------------------------------------------------------------------
| Tool Version : Vivado v.2016.1 (win64) Build 1538259 Fri Apr  8 15:45:27 MDT 2016
| Date         : Thu Jun 30 15:34:47 2016
| Host         : DESKTOP-4KPN332 running 64-bit major release  (build 9200)
| Command      : report_utilization -hierarchical -file ./project_2_3072.rpt
| Design       : PRIORITY_ENCODER_SYNTH_TEST
| Device       : 7z010clg400-1
| Design State : Routed
------------------------------------------------------------------------------------

Utilization Design Information

Table of Contents
-----------------
1. Utilization by Hierarchy

1. Utilization by Hierarchy
---------------------------

+---------------------------------+------------------+------------+------------+---------+------+------+--------+--------+--------------+
|             Instance            |      Module      | Total LUTs | Logic LUTs | LUTRAMs | SRLs |  FFs | RAMB36 | RAMB18 | DSP48 Blocks |
+---------------------------------+------------------+------------+------------+---------+------+------+--------+--------+--------------+
| PRIORITY_ENCODER_SYNTH_TEST     |            (top) |       5051 |       5051 |       0 |    0 | 6146 |      0 |      0 |            0 |
|   (PRIORITY_ENCODER_SYNTH_TEST) |            (top) |          1 |          1 |       0 |    0 | 3073 |      0 |      0 |            0 |
|   U                             | PRIORITY_ENCODER |       5050 |       5050 |       0 |    0 | 3073 |      0 |      0 |            0 |
+---------------------------------+------------------+------------+------------+---------+------+------+--------+--------+--------------+
* Note: The sum of lower-level cells may be larger than their parent cells total, due to cross-hierarchy LUT combining


Copyright 1986-2016 Xilinx, Inc. All Rights Reserved.
------------------------------------------------------------------------------------
| Tool Version : Vivado v.2016.1 (win64) Build 1538259 Fri Apr  8 15:45:27 MDT 2016
| Date         : Thu Jun 30 15:34:59 2016
| Host         : DESKTOP-4KPN332 running 64-bit major release  (build 9200)
| Command      : report_timing -setup -file ./project_2_3072.rpt -append
| Design       : PRIORITY_ENCODER_SYNTH_TEST
| Device       : 7z010-clg400
| Speed File   : -1  PRODUCTION 1.11 2014-09-11
------------------------------------------------------------------------------------

Timing Report

Slack (MET) :             0.216ns  (required time - arrival time)
  Source:                 I_REG_reg[170]/C
                            (rising edge-triggered cell FDCE clocked by CLK  {rise@0.000ns fall@5.000ns period=10.000ns})
  Destination:            U/MODE_2.Q_reg[482]/D
                            (rising edge-triggered cell FDCE clocked by CLK  {rise@0.000ns fall@5.000ns period=10.000ns})
  Path Group:             CLK
  Path Type:              Setup (Max at Slow Process Corner)
  Requirement:            10.000ns  (CLK rise@10.000ns - CLK rise@0.000ns)
  Data Path Delay:        9.630ns  (logic 2.164ns (22.472%)  route 7.466ns (77.528%))
  Logic Levels:           8  (LUT2=3 LUT4=2 LUT6=3)
  Clock Path Skew:        -0.151ns (DCD - SCD + CPR)
    Destination Clock Delay (DCD):    4.380ns = ( 14.380 - 10.000 ) 
    Source Clock Delay      (SCD):    4.885ns
    Clock Pessimism Removal (CPR):    0.354ns
  Clock Uncertainty:      0.035ns  ((TSJ^2 + TIJ^2)^1/2 + DJ) / 2 + PE
    Total System Jitter     (TSJ):    0.071ns
    Total Input Jitter      (TIJ):    0.000ns
    Discrete Jitter          (DJ):    0.000ns
    Phase Error              (PE):    0.000ns

    Location             Delay type                Incr(ns)  Path(ns)    Netlist Resource(s)
  -------------------------------------------------------------------    -------------------
                         (clock CLK rise edge)        0.000     0.000 r  
    U14                                               0.000     0.000 r  CLK (IN)
                         net (fo=0)                   0.000     0.000    CLK
    U14                  IBUF (Prop_ibuf_I_O)         1.046     1.046 r  CLK_IBUF_inst/O
                         net (fo=1, routed)           2.076     3.122    CLK_IBUF
    BUFGCTRL_X0Y0        BUFG (Prop_bufg_I_O)         0.101     3.223 r  CLK_IBUF_BUFG_inst/O
                         net (fo=6146, routed)        1.662     4.885    CLK_IBUF_BUFG
    SLICE_X34Y30         FDCE                                         r  I_REG_reg[170]/C
  -------------------------------------------------------------------    -------------------
    SLICE_X34Y30         FDCE (Prop_fdce_C_Q)         0.518     5.403 f  I_REG_reg[170]/Q
                         net (fo=6, routed)           0.954     6.357    U/Q[170]
    SLICE_X34Y29         LUT4 (Prop_lut4_I0_O)        0.152     6.509 f  U/MODE_2.Q[179]_i_4/O
                         net (fo=1, routed)           0.786     7.296    U/MODE_2.Q[179]_i_4_n_0
    SLICE_X35Y28         LUT6 (Prop_lut6_I0_O)        0.348     7.644 f  U/MODE_2.Q[179]_i_3/O
                         net (fo=2, routed)           1.004     8.647    U/MODE_2.Q[179]_i_3_n_0
    SLICE_X31Y29         LUT6 (Prop_lut6_I0_O)        0.124     8.771 f  U/MODE_2.Q[259]_i_3/O
                         net (fo=2, routed)           1.250    10.021    U/MODE_2.Q[259]_i_3_n_0
    SLICE_X18Y29         LUT6 (Prop_lut6_I0_O)        0.124    10.145 f  U/MODE_2.Q[259]_i_2/O
                         net (fo=12, routed)          0.480    10.625    U/MODE_2.Q[259]_i_2_n_0
    SLICE_X14Y29         LUT2 (Prop_lut2_I1_O)        0.120    10.745 f  U/MODE_2.Q[387]_i_2/O
                         net (fo=9, routed)           0.936    11.681    U/MODE_2.Q[387]_i_2_n_0
    SLICE_X9Y32          LUT2 (Prop_lut2_I1_O)        0.322    12.003 f  U/MODE_2.Q[451]_i_2/O
                         net (fo=12, routed)          1.173    13.176    U/MODE_2.Q[451]_i_2_n_0
    SLICE_X16Y32         LUT2 (Prop_lut2_I1_O)        0.332    13.508 f  U/MODE_2.Q[487]_i_2/O
                         net (fo=8, routed)           0.882    14.391    U/MODE_2.Q[487]_i_2_n_0
    SLICE_X17Y38         LUT4 (Prop_lut4_I1_O)        0.124    14.515 r  U/MODE_2.Q[482]_i_1/O
                         net (fo=1, routed)           0.000    14.515    U/MODE_2.Q[482]_i_1_n_0
    SLICE_X17Y38         FDCE                                         r  U/MODE_2.Q_reg[482]/D
  -------------------------------------------------------------------    -------------------

                         (clock CLK rise edge)       10.000    10.000 r  
    U14                                               0.000    10.000 r  CLK (IN)
                         net (fo=0)                   0.000    10.000    CLK
    U14                  IBUF (Prop_ibuf_I_O)         0.912    10.912 r  CLK_IBUF_inst/O
                         net (fo=1, routed)           1.880    12.792    CLK_IBUF
    BUFGCTRL_X0Y0        BUFG (Prop_bufg_I_O)         0.091    12.883 r  CLK_IBUF_BUFG_inst/O
                         net (fo=6146, routed)        1.497    14.380    U/CLK
    SLICE_X17Y38         FDCE                                         r  U/MODE_2.Q_reg[482]/C
                         clock pessimism              0.354    14.734    
                         clock uncertainty           -0.035    14.699    
    SLICE_X17Y38         FDCE (Setup_fdce_C_D)        0.032    14.731    U/MODE_2.Q_reg[482]
  -------------------------------------------------------------------
                         required time                         14.731    
                         arrival time                         -14.515    
  -------------------------------------------------------------------
                         slack                                  0.216    




