Copyright 1986-2016 Xilinx, Inc. All Rights Reserved.
------------------------------------------------------------------------------------
| Tool Version : Vivado v.2016.1 (win64) Build 1538259 Fri Apr  8 15:45:27 MDT 2016
| Date         : Thu Jun 30 14:07:43 2016
| Host         : DESKTOP-4KPN332 running 64-bit major release  (build 9200)
| Command      : report_utilization -hierarchical -file ./project_3_0128.rpt
| Design       : PRIORITY_ENCODER_SYNTH_TEST
| Device       : 7z010clg400-1
| Design State : Routed
------------------------------------------------------------------------------------

Utilization Design Information

Table of Contents
-----------------
1. Utilization by Hierarchy

1. Utilization by Hierarchy
---------------------------

+---------------------------------+------------------+------------+------------+---------+------+-----+--------+--------+--------------+
|             Instance            |      Module      | Total LUTs | Logic LUTs | LUTRAMs | SRLs | FFs | RAMB36 | RAMB18 | DSP48 Blocks |
+---------------------------------+------------------+------------+------------+---------+------+-----+--------+--------+--------------+
| PRIORITY_ENCODER_SYNTH_TEST     |            (top) |        359 |        359 |       0 |    0 | 258 |      0 |      0 |            0 |
|   (PRIORITY_ENCODER_SYNTH_TEST) |            (top) |          1 |          1 |       0 |    0 | 129 |      0 |      0 |            0 |
|   U                             | PRIORITY_ENCODER |        358 |        358 |       0 |    0 | 129 |      0 |      0 |            0 |
+---------------------------------+------------------+------------+------------+---------+------+-----+--------+--------+--------------+
* Note: The sum of lower-level cells may be larger than their parent cells total, due to cross-hierarchy LUT combining


Copyright 1986-2016 Xilinx, Inc. All Rights Reserved.
------------------------------------------------------------------------------------
| Tool Version : Vivado v.2016.1 (win64) Build 1538259 Fri Apr  8 15:45:27 MDT 2016
| Date         : Thu Jun 30 14:07:54 2016
| Host         : DESKTOP-4KPN332 running 64-bit major release  (build 9200)
| Command      : report_timing -setup -file ./project_3_0128.rpt -append
| Design       : PRIORITY_ENCODER_SYNTH_TEST
| Device       : 7z010-clg400
| Speed File   : -1  PRODUCTION 1.11 2014-09-11
------------------------------------------------------------------------------------

Timing Report

Slack (MET) :             0.343ns  (required time - arrival time)
  Source:                 I_REG_reg[13]/C
                            (rising edge-triggered cell FDCE clocked by CLK  {rise@0.000ns fall@2.500ns period=5.000ns})
  Destination:            U/MODE_3.Q_reg[39]/D
                            (rising edge-triggered cell FDCE clocked by CLK  {rise@0.000ns fall@2.500ns period=5.000ns})
  Path Group:             CLK
  Path Type:              Setup (Max at Slow Process Corner)
  Requirement:            5.000ns  (CLK rise@5.000ns - CLK rise@0.000ns)
  Data Path Delay:        4.628ns  (logic 0.952ns (20.571%)  route 3.676ns (79.428%))
  Logic Levels:           4  (LUT4=2 LUT5=1 LUT6=1)
  Clock Path Skew:        -0.023ns (DCD - SCD + CPR)
    Destination Clock Delay (DCD):    4.453ns = ( 9.453 - 5.000 ) 
    Source Clock Delay      (SCD):    4.968ns
    Clock Pessimism Removal (CPR):    0.492ns
  Clock Uncertainty:      0.035ns  ((TSJ^2 + TIJ^2)^1/2 + DJ) / 2 + PE
    Total System Jitter     (TSJ):    0.071ns
    Total Input Jitter      (TIJ):    0.000ns
    Discrete Jitter          (DJ):    0.000ns
    Phase Error              (PE):    0.000ns

    Location             Delay type                Incr(ns)  Path(ns)    Netlist Resource(s)
  -------------------------------------------------------------------    -------------------
                         (clock CLK rise edge)        0.000     0.000 r  
    U14                                               0.000     0.000 r  CLK (IN)
                         net (fo=0)                   0.000     0.000    CLK
    U14                  IBUF (Prop_ibuf_I_O)         1.046     1.046 r  CLK_IBUF_inst/O
                         net (fo=1, routed)           2.076     3.122    CLK_IBUF
    BUFGCTRL_X0Y0        BUFG (Prop_bufg_I_O)         0.101     3.223 r  CLK_IBUF_BUFG_inst/O
                         net (fo=258, routed)         1.745     4.968    CLK_IBUF_BUFG
    SLICE_X39Y15         FDCE                                         r  I_REG_reg[13]/C
  -------------------------------------------------------------------    -------------------
    SLICE_X39Y15         FDCE (Prop_fdce_C_Q)         0.456     5.424 f  I_REG_reg[13]/Q
                         net (fo=8, routed)           1.013     6.437    U/Q[13]
    SLICE_X42Y17         LUT4 (Prop_lut4_I0_O)        0.124     6.561 f  U/MODE_3.Q[17]_i_3/O
                         net (fo=5, routed)           1.067     7.629    U/MODE_3.Q[17]_i_3_n_0
    SLICE_X39Y17         LUT6 (Prop_lut6_I0_O)        0.124     7.753 r  U/MODE_3.Q[27]_i_2/O
                         net (fo=16, routed)          0.823     8.575    U/MODE_3.Q[27]_i_2_n_0
    SLICE_X38Y15         LUT5 (Prop_lut5_I0_O)        0.124     8.699 r  U/MODE_3.Q[51]_i_3/O
                         net (fo=9, routed)           0.772     9.472    U/MODE_3.Q[51]_i_3_n_0
    SLICE_X36Y13         LUT4 (Prop_lut4_I1_O)        0.124     9.596 r  U/MODE_3.Q[39]_i_1/O
                         net (fo=1, routed)           0.000     9.596    U/p_93_out
    SLICE_X36Y13         FDCE                                         r  U/MODE_3.Q_reg[39]/D
  -------------------------------------------------------------------    -------------------

                         (clock CLK rise edge)        5.000     5.000 r  
    U14                                               0.000     5.000 r  CLK (IN)
                         net (fo=0)                   0.000     5.000    CLK
    U14                  IBUF (Prop_ibuf_I_O)         0.912     5.912 r  CLK_IBUF_inst/O
                         net (fo=1, routed)           1.880     7.792    CLK_IBUF
    BUFGCTRL_X0Y0        BUFG (Prop_bufg_I_O)         0.091     7.883 r  CLK_IBUF_BUFG_inst/O
                         net (fo=258, routed)         1.570     9.453    U/CLK
    SLICE_X36Y13         FDCE                                         r  U/MODE_3.Q_reg[39]/C
                         clock pessimism              0.492     9.945    
                         clock uncertainty           -0.035     9.910    
    SLICE_X36Y13         FDCE (Setup_fdce_C_D)        0.029     9.939    U/MODE_3.Q_reg[39]
  -------------------------------------------------------------------
                         required time                          9.939    
                         arrival time                          -9.596    
  -------------------------------------------------------------------
                         slack                                  0.343    




